../Drivers/CMSIS/Include/core_cm4.h:1688:22:__NVIC_EnableIRQ	16	static
../Drivers/CMSIS/Include/core_cm4.h:1816:22:__NVIC_SetPriority	16	static
../Core/Src/gpio.c:26:6:enableGPIOClocks	4	static
../Core/Src/gpio.c:35:6:enableGPIOAButton	4	static
../Core/Src/gpio.c:40:6:enableGPIOELEDS	16	static
../Core/Src/gpio.c:51:6:setLEDState	24	static
../Core/Src/gpio.c:57:9:getLEDState	16	static
../Core/Src/gpio.c:62:6:setButtonCallback	16	static
../Core/Src/gpio.c:68:6:enableButtonInterrupt	8	static,ignoring_inline_asm
../Core/Src/gpio.c:89:6:EXTI0_IRQHandler	8	static
../Core/Src/gpio.c:101:6:chaseLed	16	static
../Core/Src/gpio.c:114:6:pendingChaseLed	16	static
../Core/Src/gpio.c:131:6:init_main	16	static
