../Inc/core_cm4.h:1688:22:__NVIC_EnableIRQ	16	static
../Inc/core_cm4.h:1777:22:__NVIC_ClearPendingIRQ	16	static
../Inc/core_cm4.h:1816:22:__NVIC_SetPriority	16	static
../Src/timer.c:31:6:enableTIMERClocks	4	static
../Src/timer.c:39:6:initialiseTIM2	16	static
../Src/timer.c:60:6:setTIM2callback	16	static
../Src/timer.c:65:6:setTIM3callback	16	static
../Src/timer.c:73:10:getTIM2Currentms	4	static
../Src/timer.c:77:6:setTIM2Currentms	16	static
../Src/timer.c:84:6:resetTIM2	16	static
../Src/timer.c:94:6:startOneShotTIM3	16	static
../Src/timer.c:133:6:enableTimerInterrupt	8	static,ignoring_inline_asm
../Src/timer.c:148:6:TIM2_IRQHandler	8	static
../Src/timer.c:159:6:TIM3_IRQHandler	8	static
../Src/timer.c:177:6:set_pending_bit_mask	16	static
../Src/timer.c:182:6:updatePending	16	static
../Src/timer.c:190:6:printBuffer	8	static
../Src/timer.c:194:6:invertLEDs	8	static
../Src/timer.c:204:6:init_TIM2	16	static
